Archive member included to satisfy reference by file (symbol)

C:/NXP/MCUXpressoIDE_24.12.148/ide/tools/bin/../lib/gcc/arm-none-eabi/13.2.1/thumb/v6-m/nofp\libgcc.a(_udivsi3.o)
                              CMakeFiles/new_project.elf.dir/C_/Users/valentin/OneDrive/Documentos/GitHub/curso-lse/workspace_lpc845/02_systick_blinky/main.c.obj (__aeabi_uidiv)
C:/NXP/MCUXpressoIDE_24.12.148/ide/tools/bin/../lib/gcc/arm-none-eabi/13.2.1/thumb/v6-m/nofp\libgcc.a(_dvmd_tls.o)
                              C:/NXP/MCUXpressoIDE_24.12.148/ide/tools/bin/../lib/gcc/arm-none-eabi/13.2.1/thumb/v6-m/nofp\libgcc.a(_udivsi3.o) (__aeabi_idiv0)
C:/NXP/MCUXpressoIDE_24.12.148/ide/tools/bin/../lib/gcc/arm-none-eabi/13.2.1/thumb/v6-m/nofp\libgcc.a(_aeabi_uldivmod.o)
                              CMakeFiles/new_project.elf.dir/b554a211a3ef07285cc18341ad1742d6/sdks/02_systick_blinky_sdk/devices/LPC845/drivers/fsl_clock.c.obj (__aeabi_uldivmod)
C:/NXP/MCUXpressoIDE_24.12.148/ide/tools/bin/../lib/gcc/arm-none-eabi/13.2.1/thumb/v6-m/nofp\libgcc.a(_muldi3.o)
                              CMakeFiles/new_project.elf.dir/b554a211a3ef07285cc18341ad1742d6/sdks/02_systick_blinky_sdk/devices/LPC845/drivers/fsl_common_arm.c.obj (__aeabi_lmul)
C:/NXP/MCUXpressoIDE_24.12.148/ide/tools/bin/../lib/gcc/arm-none-eabi/13.2.1/thumb/v6-m/nofp\libgcc.a(_udivmoddi4.o)
                              C:/NXP/MCUXpressoIDE_24.12.148/ide/tools/bin/../lib/gcc/arm-none-eabi/13.2.1/thumb/v6-m/nofp\libgcc.a(_aeabi_uldivmod.o) (__udivmoddi4)
C:/NXP/MCUXpressoIDE_24.12.148/ide/tools/bin/../lib/gcc/arm-none-eabi/13.2.1/thumb/v6-m/nofp\libgcc.a(_clzdi2.o)
                              C:/NXP/MCUXpressoIDE_24.12.148/ide/tools/bin/../lib/gcc/arm-none-eabi/13.2.1/thumb/v6-m/nofp\libgcc.a(_udivmoddi4.o) (__clzdi2)
C:/NXP/MCUXpressoIDE_24.12.148/ide/tools/bin/../lib/gcc/arm-none-eabi/13.2.1/thumb/v6-m/nofp\libgcc.a(_clzsi2.o)
                              C:/NXP/MCUXpressoIDE_24.12.148/ide/tools/bin/../lib/gcc/arm-none-eabi/13.2.1/thumb/v6-m/nofp\libgcc.a(_clzdi2.o) (__clzsi2)
C:/NXP/MCUXpressoIDE_24.12.148/ide/tools/bin/../lib/gcc/arm-none-eabi/13.2.1/thumb/v6-m/nofp\libc_nano.a(libc_a-exit.o)
                              C:/NXP/MCUXpressoIDE_24.12.148/ide/tools/bin/../lib/gcc/arm-none-eabi/13.2.1/thumb/v6-m/nofp/crt0.o (exit)
C:/NXP/MCUXpressoIDE_24.12.148/ide/tools/bin/../lib/gcc/arm-none-eabi/13.2.1/thumb/v6-m/nofp\libc_nano.a(libc_a-malloc.o)
                              CMakeFiles/new_project.elf.dir/b554a211a3ef07285cc18341ad1742d6/sdks/02_systick_blinky_sdk/devices/LPC845/drivers/fsl_common.c.obj (malloc)
C:/NXP/MCUXpressoIDE_24.12.148/ide/tools/bin/../lib/gcc/arm-none-eabi/13.2.1/thumb/v6-m/nofp\libc_nano.a(libc_a-mallocr.o)
                              C:/NXP/MCUXpressoIDE_24.12.148/ide/tools/bin/../lib/gcc/arm-none-eabi/13.2.1/thumb/v6-m/nofp\libc_nano.a(libc_a-malloc.o) (_malloc_r)
C:/NXP/MCUXpressoIDE_24.12.148/ide/tools/bin/../lib/gcc/arm-none-eabi/13.2.1/thumb/v6-m/nofp\libc_nano.a(libc_a-mlock.o)
                              C:/NXP/MCUXpressoIDE_24.12.148/ide/tools/bin/../lib/gcc/arm-none-eabi/13.2.1/thumb/v6-m/nofp\libc_nano.a(libc_a-mallocr.o) (__malloc_lock)
C:/NXP/MCUXpressoIDE_24.12.148/ide/tools/bin/../lib/gcc/arm-none-eabi/13.2.1/thumb/v6-m/nofp\libc_nano.a(libc_a-strtoul.o)
                              CMakeFiles/new_project.elf.dir/b554a211a3ef07285cc18341ad1742d6/sdks/02_systick_blinky_sdk/devices/LPC845/utilities/str/fsl_str.c.obj (strtoul)
C:/NXP/MCUXpressoIDE_24.12.148/ide/tools/bin/../lib/gcc/arm-none-eabi/13.2.1/thumb/v6-m/nofp\libc_nano.a(libc_a-ctype_.o)
                              C:/NXP/MCUXpressoIDE_24.12.148/ide/tools/bin/../lib/gcc/arm-none-eabi/13.2.1/thumb/v6-m/nofp\libc_nano.a(libc_a-strtoul.o) (_ctype_)
C:/NXP/MCUXpressoIDE_24.12.148/ide/tools/bin/../lib/gcc/arm-none-eabi/13.2.1/thumb/v6-m/nofp\libc_nano.a(libc_a-findfp.o)
                              C:/NXP/MCUXpressoIDE_24.12.148/ide/tools/bin/../lib/gcc/arm-none-eabi/13.2.1/thumb/v6-m/nofp\libc_nano.a(libc_a-exit.o) (__stdio_exit_handler)
C:/NXP/MCUXpressoIDE_24.12.148/ide/tools/bin/../lib/gcc/arm-none-eabi/13.2.1/thumb/v6-m/nofp\libc_nano.a(libc_a-fwalk.o)
                              C:/NXP/MCUXpressoIDE_24.12.148/ide/tools/bin/../lib/gcc/arm-none-eabi/13.2.1/thumb/v6-m/nofp\libc_nano.a(libc_a-findfp.o) (_fwalk_sglue)
C:/NXP/MCUXpressoIDE_24.12.148/ide/tools/bin/../lib/gcc/arm-none-eabi/13.2.1/thumb/v6-m/nofp\libc_nano.a(libc_a-stdio.o)
                              C:/NXP/MCUXpressoIDE_24.12.148/ide/tools/bin/../lib/gcc/arm-none-eabi/13.2.1/thumb/v6-m/nofp\libc_nano.a(libc_a-findfp.o) (__sread)
C:/NXP/MCUXpressoIDE_24.12.148/ide/tools/bin/../lib/gcc/arm-none-eabi/13.2.1/thumb/v6-m/nofp\libc_nano.a(libc_a-memset.o)
                              C:/NXP/MCUXpressoIDE_24.12.148/ide/tools/bin/../lib/gcc/arm-none-eabi/13.2.1/thumb/v6-m/nofp/crt0.o (memset)
[...]
Memory Configuration

Name             Origin             Length             Attributes
m_interrupts     0x00000000         0x00000200         xr
m_crp            0x000002fc         0x00000004         xr
m_text           0x00000300         0x0000fd00         xr
m_data           0x10000000         0x00003fe0         rw
*default*        0x00000000         0xffffffff

Linker script and memory map

LOAD C:/NXP/MCUXpressoIDE_24.12.148/ide/tools/bin/../lib/gcc/arm-none-eabi/13.2.1/thumb/v6-m/nofp/crti.o
LOAD C:/NXP/MCUXpressoIDE_24.12.148/ide/tools/bin/../lib/gcc/arm-none-eabi/13.2.1/thumb/v6-m/nofp/crtbegin.o
LOAD C:/NXP/MCUXpressoIDE_24.12.148/ide/tools/bin/../lib/gcc/arm-none-eabi/13.2.1/thumb/v6-m/nofp/crt0.o
LOAD CMakeFiles/new_project.elf.dir/C_/Users/valentin/OneDrive/Documentos/GitHub/curso-lse/workspace_lpc845/02_systick_blinky/main.c.obj
LOAD CMakeFiles/new_project.elf.dir/C_/Users/valentin/OneDrive/Documentos/GitHub/curso-lse/workspace_lpc845/02_systick_blinky/peripherals.c.obj
LOAD CMakeFiles/new_project.elf.dir/C_/Users/valentin/OneDrive/Documentos/GitHub/curso-lse/workspace_lpc845/02_systick_blinky/pin_mux.c.obj
LOAD CMakeFiles/new_project.elf.dir/C_/Users/valentin/OneDrive/Documentos/GitHub/curso-lse/workspace_lpc845/02_systick_blinky/board.c.obj
LOAD CMakeFiles/new_project.elf.dir/C_/Users/valentin/OneDrive/Documentos/GitHub/curso-lse/workspace_lpc845/02_systick_blinky/clock_config.c.obj
LOAD CMakeFiles/new_project.elf.dir/C_/Users/valentin/OneDrive/Documentos/GitHub/curso-lse/workspace_lpc845/02_systick_blinky/hardware_init.c.obj
LOAD CMakeFiles/new_project.elf.dir/b554a211a3ef07285cc18341ad1742d6/sdks/02_systick_blinky_sdk/components/uart/fsl_adapter_miniusart.c.obj
LOAD CMakeFiles/new_project.elf.dir/b554a211a3ef07285cc18341ad1742d6/sdks/02_systick_blinky_sdk/devices/LPC845/gcc/startup_LPC845.S.obj
LOAD CMakeFiles/new_project.elf.dir/7446b63a88d4d45991bc704b740b2fe6/workspace_lpc845/sdks/02_systick_blinky_sdk/devices/LPC845/system_LPC845.c.obj
LOAD CMakeFiles/new_project.elf.dir/b554a211a3ef07285cc18341ad1742d6/sdks/02_systick_blinky_sdk/devices/LPC845/drivers/fsl_clock.c.obj
LOAD CMakeFiles/new_project.elf.dir/b554a211a3ef07285cc18341ad1742d6/sdks/02_systick_blinky_sdk/devices/LPC845/drivers/fsl_common.c.obj
LOAD CMakeFiles/new_project.elf.dir/b554a211a3ef07285cc18341ad1742d6/sdks/02_systick_blinky_sdk/devices/LPC845/drivers/fsl_common_arm.c.obj
LOAD CMakeFiles/new_project.elf.dir/b554a211a3ef07285cc18341ad1742d6/sdks/02_systick_blinky_sdk/devices/LPC845/drivers/fsl_inputmux.c.obj
LOAD CMakeFiles/new_project.elf.dir/7446b63a88d4d45991bc704b740b2fe6/workspace_lpc845/sdks/02_systick_blinky_sdk/devices/LPC845/drivers/fsl_gpio.c.obj
LOAD CMakeFiles/new_project.elf.dir/b554a211a3ef07285cc18341ad1742d6/sdks/02_systick_blinky_sdk/devices/LPC845/drivers/fsl_usart.c.obj
LOAD CMakeFiles/new_project.elf.dir/b554a211a3ef07285cc18341ad1742d6/sdks/02_systick_blinky_sdk/devices/LPC845/drivers/fsl_power.c.obj
LOAD CMakeFiles/new_project.elf.dir/b554a211a3ef07285cc18341ad1742d6/sdks/02_systick_blinky_sdk/devices/LPC845/drivers/fsl_reset.c.obj
LOAD CMakeFiles/new_project.elf.dir/7446b63a88d4d45991bc704b740b2fe6/workspace_lpc845/sdks/02_systick_blinky_sdk/devices/LPC845/drivers/fsl_swm.c.obj
LOAD CMakeFiles/new_project.elf.dir/b554a211a3ef07285cc18341ad1742d6/sdks/02_systick_blinky_sdk/devices/LPC845/drivers/fsl_syscon.c.obj
LOAD CMakeFiles/new_project.elf.dir/b554a211a3ef07285cc18341ad1742d6/sdks/02_systick_blinky_sdk/devices/LPC845/utilities/fsl_syscall_stub.c.obj
LOAD CMakeFiles/new_project.elf.dir/b554a211a3ef07285cc18341ad1742d6/sdks/02_systick_blinky_sdk/devices/LPC845/utilities/fsl_sbrk.c.obj
LOAD CMakeFiles/new_project.elf.dir/b35a26e6772fb747447fb6c04d9b64be/devices/LPC845/utilities/debug_console_lite/fsl_assert.c.obj
LOAD CMakeFiles/new_project.elf.dir/b35a26e6772fb747447fb6c04d9b64be/devices/LPC845/utilities/debug_console_lite/fsl_debug_console.c.obj
LOAD CMakeFiles/new_project.elf.dir/b554a211a3ef07285cc18341ad1742d6/sdks/02_systick_blinky_sdk/devices/LPC845/utilities/str/fsl_str.c.obj
START GROUP
LOAD C:/NXP/MCUXpressoIDE_24.12.148/ide/tools/bin/../lib/gcc/arm-none-eabi/13.2.1/thumb/v6-m/nofp\libgcc.a
LOAD C:/NXP/MCUXpressoIDE_24.12.148/ide/tools/bin/../lib/gcc/arm-none-eabi/13.2.1/thumb/v6-m/nofp\libc_nano.a
LOAD C:/NXP/MCUXpressoIDE_24.12.148/ide/tools/bin/../lib/gcc/arm-none-eabi/13.2.1/thumb/v6-m/nofp\libm.a
LOAD C:/NXP/MCUXpressoIDE_24.12.148/ide/tools/bin/../lib/gcc/arm-none-eabi/13.2.1/../../../../arm-none-eabi/lib/thumb/v6-m/nofp\libcr_newlib_nohost.a
END GROUP
START GROUP
LOAD C:/NXP/MCUXpressoIDE_24.12.148/ide/tools/bin/../lib/gcc/arm-none-eabi/13.2.1/thumb/v6-m/nofp\libgcc.a
LOAD C:/NXP/MCUXpressoIDE_24.12.148/ide/tools/bin/../lib/gcc/arm-none-eabi/13.2.1/thumb/v6-m/nofp\libg_nano.a
LOAD C:/NXP/MCUXpressoIDE_24.12.148/ide/tools/bin/../lib/gcc/arm-none-eabi/13.2.1/thumb/v6-m/nofp\libc_nano.a
END GROUP
START GROUP
LOAD C:/NXP/MCUXpressoIDE_24.12.148/ide/tools/bin/../lib/gcc/arm-none-eabi/13.2.1/thumb/v6-m/nofp\libgcc.a
LOAD C:/NXP/MCUXpressoIDE_24.12.148/ide/tools/bin/../lib/gcc/arm-none-eabi/13.2.1/thumb/v6-m/nofp\libc_nano.a
LOAD C:/NXP/MCUXpressoIDE_24.12.148/ide/tools/bin/../lib/gcc/arm-none-eabi/13.2.1/thumb/v6-m/nofp\libnosys.a
END GROUP
START GROUP
LOAD C:/NXP/MCUXpressoIDE_24.12.148/ide/tools/bin/../lib/gcc/arm-none-eabi/13.2.1/thumb/v6-m/nofp\libgcc.a
LOAD C:/NXP/MCUXpressoIDE_24.12.148/ide/tools/bin/../lib/gcc/arm-none-eabi/13.2.1/thumb/v6-m/nofp\libc_nano.a
LOAD C:/NXP/MCUXpressoIDE_24.12.148/ide/tools/bin/../lib/gcc/arm-none-eabi/13.2.1/thumb/v6-m/nofp\libnosys.a
END GROUP
LOAD C:/NXP/MCUXpressoIDE_24.12.148/ide/tools/bin/../lib/gcc/arm-none-eabi/13.2.1/thumb/v6-m/nofp/crtend.o
LOAD C:/NXP/MCUXpressoIDE_24.12.148/ide/tools/bin/../lib/gcc/arm-none-eabi/13.2.1/thumb/v6-m/nofp/crtn.o
                0x00000400                        HEAP_SIZE = DEFINED (__heap_size__)?__heap_size__:0x400
                0x00000800                        STACK_SIZE = DEFINED (__stack_size__)?__stack_size__:0x800
                0xefffb4f9                        __valid_user_code_checksum = (0x0 - ((((__StackTop + Reset_Handler) + NMI_Handler) + HardFault_Handler) + 0x3))

.interrupts     0x00000000       0xc0
                0x00000000                        . = ALIGN (0x4)
 *(.isr_vector)
 .isr_vector    0x00000000       0xc0 CMakeFiles/new_project.elf.dir/b554a211a3ef07285cc18341ad1742d6/sdks/02_systick_blinky_sdk/devices/LPC845/gcc/startup_LPC845.S.obj
                0x00000000                __Vectors
                0x000000c0                        . = ALIGN (0x4)

.crp            0x000002fc        0x4
                0x000002fc                        . = ALIGN (0x4)
 *(.crp)
 .crp           0x000002fc        0x4 CMakeFiles/new_project.elf.dir/b554a211a3ef07285cc18341ad1742d6/sdks/02_systick_blinky_sdk/devices/LPC845/gcc/startup_LPC845.S.obj
                0x00000300                        . = ALIGN (0x4)

.text           0x00000300     0x15d0
                0x00000300                        . = ALIGN (0x4)
 *(.text)
 .text          0x00000300       0x80 C:/NXP/MCUXpressoIDE_24.12.148/ide/tools/bin/../lib/gcc/arm-none-eabi/13.2.1/thumb/v6-m/nofp/crt0.o
                0x00000300                _stack_init
                0x0000030c                _start
                0x0000030c                _mainCRTStartup
 .text          0x00000380      0x17c CMakeFiles/new_project.elf.dir/b554a211a3ef07285cc18341ad1742d6/sdks/02_systick_blinky_sdk/devices/LPC845/gcc/startup_LPC845.S.obj
                0x00000380                Reset_Handler
                0x000003cc                ADC0_OVR_DriverIRQHandler
                0x000003cc                SCT0_DriverIRQHandler
                0x000003cc                DMA0_DriverIRQHandler
                0x000003cc                BOD_DriverIRQHandler
                0x000003cc                DefaultISR
                0x000003cc                SPI1_DriverIRQHandler
                0x000003cc                I2C0_DriverIRQHandler
                0x000003cc                I2C1_DriverIRQHandler
                0x000003cc                ADC0_THCMP_DriverIRQHandler
                0x000003cc                PIN_INT1_DriverIRQHandler
                0x000003cc                I2C3_DriverIRQHandler
                0x000003cc                WDT_DriverIRQHandler
                0x000003cc                PIN_INT3_DriverIRQHandler
                0x000003cc                PIN_INT5_DAC1_DriverIRQHandler
                0x000003cc                PIN_INT2_DriverIRQHandler
                0x000003cc                CTIMER0_DriverIRQHandler
                0x000003cc                I2C2_DriverIRQHandler
                0x000003cc                PIN_INT0_DriverIRQHandler
                0x000003cc                ADC0_SEQB_DriverIRQHandler
                0x000003cc                FLASH_DriverIRQHandler
                0x000003cc                CMP_CAPT_DriverIRQHandler
                0x000003cc                Reserved22_DriverIRQHandler
                0x000003cc                WKT_DriverIRQHandler
                0x000003cc                DAC0_DriverIRQHandler
                0x000003cc                MRT0_DriverIRQHandler
                0x000003cc                PIN_INT4_DriverIRQHandler
                0x000003cc                SPI0_DriverIRQHandler
                0x000003cc                ADC0_SEQA_DriverIRQHandler
                0x000003d0                NMI_Handler
                0x000003d4                HardFault_Handler
                0x000003d8                SVC_Handler
                0x000003dc                PendSV_Handler
                0x000003e4                SPI0_IRQHandler
                0x000003e8                SPI1_IRQHandler
                0x000003ec                DAC0_IRQHandler
                0x000003f0                USART0_IRQHandler
                0x000003f4                USART1_IRQHandler
                0x000003f8                USART2_IRQHandler
                0x000003fc                Reserved22_IRQHandler
                0x00000400                I2C1_IRQHandler
                0x00000404                I2C0_IRQHandler
                0x00000408                SCT0_IRQHandler
                0x0000040c                MRT0_IRQHandler
                0x00000410                CMP_CAPT_IRQHandler
                0x00000414                WDT_IRQHandler
                0x00000418                BOD_IRQHandler
                0x0000041c                FLASH_IRQHandler
                0x00000420                WKT_IRQHandler
                0x00000424                ADC0_SEQA_IRQHandler
                0x00000428                ADC0_SEQB_IRQHandler
                0x0000042c                ADC0_THCMP_IRQHandler
                0x00000430                ADC0_OVR_IRQHandler
                0x00000434                DMA0_IRQHandler
                0x00000438                I2C2_IRQHandler
                0x0000043c                I2C3_IRQHandler
                0x00000440                CTIMER0_IRQHandler
                0x00000444                PIN_INT0_IRQHandler
                0x00000448                PIN_INT1_IRQHandler
                0x0000044c                PIN_INT2_IRQHandler
                0x00000450                PIN_INT3_IRQHandler
                0x00000454                PIN_INT4_IRQHandler
                0x00000458                PIN_INT5_DAC1_IRQHandler
                0x0000045c                PIN_INT6_USART3_IRQHandler
                0x00000460                PIN_INT7_USART4_IRQHandler
 .text          0x000004fc      0x114 C:/NXP/MCUXpressoIDE_24.12.148/ide/tools/bin/../lib/gcc/arm-none-eabi/13.2.1/thumb/v6-m/nofp\libgcc.a(_udivsi3.o)
                0x000004fc                __aeabi_uidiv
                0x000004fc                __udivsi3
                0x00000608                __aeabi_uidivmod
 .text          0x00000610        0x4 C:/NXP/MCUXpressoIDE_24.12.148/ide/tools/bin/../lib/gcc/arm-none-eabi/13.2.1/thumb/v6-m/nofp\libgcc.a(_dvmd_tls.o)
                0x00000610                __aeabi_idiv0
                0x00000610                __aeabi_ldiv0
 .text          0x00000614        0xe C:/NXP/MCUXpressoIDE_24.12.148/ide/tools/bin/../lib/gcc/arm-none-eabi/13.2.1/thumb/v6-m/nofp\libc_nano.a(libc_a-strlen.o)
                0x00000614                strlen
 *(.text*)
 *fill*         0x00000622        0x2 
 .text.deregister_tm_clones
                0x00000624       0x20 C:/NXP/MCUXpressoIDE_24.12.148/ide/tools/bin/../lib/gcc/arm-none-eabi/13.2.1/thumb/v6-m/nofp/crtbegin.o
 .text.register_tm_clones
                0x00000644       0x28 C:/NXP/MCUXpressoIDE_24.12.148/ide/tools/bin/../lib/gcc/arm-none-eabi/13.2.1/thumb/v6-m/nofp/crtbegin.o
 .text.__do_global_dtors_aux
                0x0000066c       0x2c C:/NXP/MCUXpressoIDE_24.12.148/ide/tools/bin/../lib/gcc/arm-none-eabi/13.2.1/thumb/v6-m/nofp/crtbegin.o
 .text.frame_dummy
                0x00000698       0x24 C:/NXP/MCUXpressoIDE_24.12.148/ide/tools/bin/../lib/gcc/arm-none-eabi/13.2.1/thumb/v6-m/nofp/crtbegin.o
 .text.__NVIC_SetPriority
                0x000006bc       0xdc CMakeFiles/new_project.elf.dir/C_/Users/valentin/OneDrive/Documentos/GitHub/curso-lse/workspace_lpc845/02_systick_blinky/main.c.obj
 .text.SysTick_Config
                0x00000798       0x48 CMakeFiles/new_project.elf.dir/C_/Users/valentin/OneDrive/Documentos/GitHub/curso-lse/workspace_lpc845/02_systick_blinky/main.c.obj
 .text.GPIO_PinWrite
                0x000007e0       0x2c CMakeFiles/new_project.elf.dir/C_/Users/valentin/OneDrive/Documentos/GitHub/curso-lse/workspace_lpc845/02_systick_blinky/main.c.obj
 .text.GPIO_PinRead
                0x0000080c       0x24 CMakeFiles/new_project.elf.dir/C_/Users/valentin/OneDrive/Documentos/GitHub/curso-lse/workspace_lpc845/02_systick_blinky/main.c.obj
 .text.main     0x00000830       0x50 CMakeFiles/new_project.elf.dir/C_/Users/valentin/OneDrive/Documentos/GitHub/curso-lse/workspace_lpc845/02_systick_blinky/main.c.obj
                0x00000830                main
 .text.SysTick_Handler
                0x00000880       0x54 CMakeFiles/new_project.elf.dir/C_/Users/valentin/OneDrive/Documentos/GitHub/curso-lse/workspace_lpc845/02_systick_blinky/main.c.obj
                0x00000880                SysTick_Handler
 .text.CLOCK_Select
                0x000008d4       0x38 CMakeFiles/new_project.elf.dir/C_/Users/valentin/OneDrive/Documentos/GitHub/curso-lse/workspace_lpc845/02_systick_blinky/clock_config.c.obj
 .text.CLOCK_SetCoreSysClkDiv
                0x0000090c       0x4c CMakeFiles/new_project.elf.dir/C_/Users/valentin/OneDrive/Documentos/GitHub/curso-lse/workspace_lpc845/02_systick_blinky/clock_config.c.obj
 .text.CLOCK_SetFroOscFreq
                0x00000958       0x24 CMakeFiles/new_project.elf.dir/C_/Users/valentin/OneDrive/Documentos/GitHub/curso-lse/workspace_lpc845/02_systick_blinky/clock_config.c.obj
 .text.POWER_DisablePD
                0x0000097c       0x2c CMakeFiles/new_project.elf.dir/C_/Users/valentin/OneDrive/Documentos/GitHub/curso-lse/workspace_lpc845/02_systick_blinky/clock_config.c.obj
 .text.BOARD_BootClockFRO24M
                0x000009a8       0x58 CMakeFiles/new_project.elf.dir/C_/Users/valentin/OneDrive/Documentos/GitHub/curso-lse/workspace_lpc845/02_systick_blinky/clock_config.c.obj
                0x000009a8                BOARD_BootClockFRO24M
 .text.SystemInit
                0x00000a00       0x2c CMakeFiles/new_project.elf.dir/7446b63a88d4d45991bc704b740b2fe6/workspace_lpc845/sdks/02_systick_blinky_sdk/devices/LPC845/system_LPC845.c.obj
                0x00000a00                SystemInit
 .text.SystemInitHook
                0x00000a2c        0xa CMakeFiles/new_project.elf.dir/7446b63a88d4d45991bc704b740b2fe6/workspace_lpc845/sdks/02_systick_blinky_sdk/devices/LPC845/system_LPC845.c.obj
                0x00000a2c                SystemInitHook
 *fill*         0x00000a36        0x2 
 .text.CLOCK_UpdateClkSrc
                0x00000a38       0x58 CMakeFiles/new_project.elf.dir/b554a211a3ef07285cc18341ad1742d6/sdks/02_systick_blinky_sdk/devices/LPC845/drivers/fsl_clock.c.obj
 .text.CLOCK_SetMainClkSrc
                0x00000a90       0x9c CMakeFiles/new_project.elf.dir/b554a211a3ef07285cc18341ad1742d6/sdks/02_systick_blinky_sdk/devices/LPC845/drivers/fsl_clock.c.obj
                0x00000a90                CLOCK_SetMainClkSrc
 .text.CLOCK_SetFroOutClkSrc
                0x00000b2c       0x48 CMakeFiles/new_project.elf.dir/b554a211a3ef07285cc18341ad1742d6/sdks/02_systick_blinky_sdk/devices/LPC845/drivers/fsl_clock.c.obj
                0x00000b2c                CLOCK_SetFroOutClkSrc
 .text.CLOCK_EnableClock
                0x00000b74       0x54 CMakeFiles/new_project.elf.dir/7446b63a88d4d45991bc704b740b2fe6/workspace_lpc845/sdks/02_systick_blinky_sdk/devices/LPC845/drivers/fsl_gpio.c.obj
 .text.GPIO_EnablePortClock
                0x00000bc8       0x44 CMakeFiles/new_project.elf.dir/7446b63a88d4d45991bc704b740b2fe6/workspace_lpc845/sdks/02_systick_blinky_sdk/devices/LPC845/drivers/fsl_gpio.c.obj
 .text.GPIO_PortInit
                0x00000c0c       0x30 CMakeFiles/new_project.elf.dir/7446b63a88d4d45991bc704b740b2fe6/workspace_lpc845/sdks/02_systick_blinky_sdk/devices/LPC845/drivers/fsl_gpio.c.obj
                0x00000c0c                GPIO_PortInit
 .text.GPIO_PinInit
                0x00000c3c       0xc0 CMakeFiles/new_project.elf.dir/7446b63a88d4d45991bc704b740b2fe6/workspace_lpc845/sdks/02_systick_blinky_sdk/devices/LPC845/drivers/fsl_gpio.c.obj
                0x00000c3c                GPIO_PinInit
 .text.USART0_DriverIRQHandler
                0x00000cfc       0x24 CMakeFiles/new_project.elf.dir/b554a211a3ef07285cc18341ad1742d6/sdks/02_systick_blinky_sdk/devices/LPC845/drivers/fsl_usart.c.obj
                0x00000cfc                USART0_DriverIRQHandler
 .text.USART1_DriverIRQHandler
                0x00000d20       0x24 CMakeFiles/new_project.elf.dir/b554a211a3ef07285cc18341ad1742d6/sdks/02_systick_blinky_sdk/devices/LPC845/drivers/fsl_usart.c.obj
                0x00000d20                USART1_DriverIRQHandler
 .text.USART2_DriverIRQHandler
                0x00000d44       0x24 CMakeFiles/new_project.elf.dir/b554a211a3ef07285cc18341ad1742d6/sdks/02_systick_blinky_sdk/devices/LPC845/drivers/fsl_usart.c.obj
                0x00000d44                USART2_DriverIRQHandler
 .text.PIN_INT6_USART3_DriverIRQHandler
                0x00000d68       0x24 CMakeFiles/new_project.elf.dir/b554a211a3ef07285cc18341ad1742d6/sdks/02_systick_blinky_sdk/devices/LPC845/drivers/fsl_usart.c.obj
                0x00000d68                PIN_INT6_USART3_DriverIRQHandler
 .text.PIN_INT7_USART4_DriverIRQHandler
                0x00000d8c       0x24 CMakeFiles/new_project.elf.dir/b554a211a3ef07285cc18341ad1742d6/sdks/02_systick_blinky_sdk/devices/LPC845/drivers/fsl_usart.c.obj
                0x00000d8c                PIN_INT7_USART4_DriverIRQHandler
 .text.RESET_SetPeripheralReset
                0x00000db0       0x7c CMakeFiles/new_project.elf.dir/b554a211a3ef07285cc18341ad1742d6/sdks/02_systick_blinky_sdk/devices/LPC845/drivers/fsl_reset.c.obj
                0x00000db0                RESET_SetPeripheralReset
 .text.RESET_ClearPeripheralReset
                0x00000e2c       0x78 CMakeFiles/new_project.elf.dir/b554a211a3ef07285cc18341ad1742d6/sdks/02_systick_blinky_sdk/devices/LPC845/drivers/fsl_reset.c.obj
                0x00000e2c                RESET_ClearPeripheralReset
 .text.RESET_PeripheralReset
                0x00000ea4       0x20 CMakeFiles/new_project.elf.dir/b554a211a3ef07285cc18341ad1742d6/sdks/02_systick_blinky_sdk/devices/LPC845/drivers/fsl_reset.c.obj
                0x00000ea4                RESET_PeripheralReset
 .text.fsl_assert_hook
                0x00000ec4       0x16 CMakeFiles/new_project.elf.dir/b35a26e6772fb747447fb6c04d9b64be/devices/LPC845/utilities/debug_console_lite/fsl_assert.c.obj
                0x00000ec4                fsl_assert_hook
 *fill*         0x00000eda        0x2 
 .text.__assert_func
                0x00000edc       0x34 CMakeFiles/new_project.elf.dir/b35a26e6772fb747447fb6c04d9b64be/devices/LPC845/utilities/debug_console_lite/fsl_assert.c.obj
                0x00000edc                __assert_func
 .text.DbgConsole_Printf
                0x00000f10       0x32 CMakeFiles/new_project.elf.dir/b35a26e6772fb747447fb6c04d9b64be/devices/LPC845/utilities/debug_console_lite/fsl_debug_console.c.obj
                0x00000f10                DbgConsole_Printf
 *fill*         0x00000f42        0x2 
 .text.DbgConsole_Vprintf
                0x00000f44       0x40 CMakeFiles/new_project.elf.dir/b35a26e6772fb747447fb6c04d9b64be/devices/LPC845/utilities/debug_console_lite/fsl_debug_console.c.obj
                0x00000f44                DbgConsole_Vprintf
 .text.DbgConsole_Putchar
                0x00000f84       0x30 CMakeFiles/new_project.elf.dir/b35a26e6772fb747447fb6c04d9b64be/devices/LPC845/utilities/debug_console_lite/fsl_debug_console.c.obj
                0x00000f84                DbgConsole_Putchar
 .text.DbgConsole_PrintfPaddingCharacter
                0x00000fb4       0x48 CMakeFiles/new_project.elf.dir/b35a26e6772fb747447fb6c04d9b64be/devices/LPC845/utilities/debug_console_lite/fsl_debug_console.c.obj
 .text.DbgConsole_ConvertRadixNumToString
                0x00000ffc       0xc2 CMakeFiles/new_project.elf.dir/b35a26e6772fb747447fb6c04d9b64be/devices/LPC845/utilities/debug_console_lite/fsl_debug_console.c.obj
 .text.DbgConsole_PrintfFormattedData
                0x000010be      0x3da CMakeFiles/new_project.elf.dir/b35a26e6772fb747447fb6c04d9b64be/devices/LPC845/utilities/debug_console_lite/fsl_debug_console.c.obj
 .text.exit     0x00001498       0x28 C:/NXP/MCUXpressoIDE_24.12.148/ide/tools/bin/../lib/gcc/arm-none-eabi/13.2.1/thumb/v6-m/nofp\libc_nano.a(libc_a-exit.o)
                0x00001498                exit
 .text.memset   0x000014c0       0x10 C:/NXP/MCUXpressoIDE_24.12.148/ide/tools/bin/../lib/gcc/arm-none-eabi/13.2.1/thumb/v6-m/nofp\libc_nano.a(libc_a-memset.o)
                0x000014c0                memset
 .text.__libc_init_array
                0x000014d0       0x48 C:/NXP/MCUXpressoIDE_24.12.148/ide/tools/bin/../lib/gcc/arm-none-eabi/13.2.1/thumb/v6-m/nofp\libc_nano.a(libc_a-init.o)
                0x000014d0                __libc_init_array
 .text.memcpy   0x00001518       0x12 C:/NXP/MCUXpressoIDE_24.12.148/ide/tools/bin/../lib/gcc/arm-none-eabi/13.2.1/thumb/v6-m/nofp\libc_nano.a(libc_a-memcpy-stub.o)
                0x00001518                memcpy
 .text._exit    0x0000152a        0x2 C:/NXP/MCUXpressoIDE_24.12.148/ide/tools/bin/../lib/gcc/arm-none-eabi/13.2.1/../../../../arm-none-eabi/lib/thumb/v6-m/nofp\libcr_newlib_nohost.a(_exit.o)
                0x0000152a                _exit
 *(.rodata)
 .rodata        0x0000152c        0x2 CMakeFiles/new_project.elf.dir/C_/Users/valentin/OneDrive/Documentos/GitHub/curso-lse/workspace_lpc845/02_systick_blinky/main.c.obj
 *fill*         0x0000152e        0x2 
 .rodata        0x00001530       0x92 CMakeFiles/new_project.elf.dir/C_/Users/valentin/OneDrive/Documentos/GitHub/curso-lse/workspace_lpc845/02_systick_blinky/clock_config.c.obj
 *fill*         0x000015c2        0x2 
 .rodata        0x000015c4       0xe8 CMakeFiles/new_project.elf.dir/b554a211a3ef07285cc18341ad1742d6/sdks/02_systick_blinky_sdk/devices/LPC845/drivers/fsl_clock.c.obj
 .rodata        0x000016ac       0xa9 CMakeFiles/new_project.elf.dir/7446b63a88d4d45991bc704b740b2fe6/workspace_lpc845/sdks/02_systick_blinky_sdk/devices/LPC845/drivers/fsl_gpio.c.obj
 *fill*         0x00001755        0x3 
 .rodata        0x00001758       0x96 CMakeFiles/new_project.elf.dir/b554a211a3ef07285cc18341ad1742d6/sdks/02_systick_blinky_sdk/devices/LPC845/drivers/fsl_reset.c.obj
 *fill*         0x000017ee        0x2 
 .rodata        0x000017f0       0x3e CMakeFiles/new_project.elf.dir/b35a26e6772fb747447fb6c04d9b64be/devices/LPC845/utilities/debug_console_lite/fsl_assert.c.obj
 *(.rodata*)
 *fill*         0x0000182e        0x2 
 .rodata.__func__.0
                0x00001830       0x17 CMakeFiles/new_project.elf.dir/C_/Users/valentin/OneDrive/Documentos/GitHub/curso-lse/workspace_lpc845/02_systick_blinky/clock_config.c.obj
 *fill*         0x00001847        0x1 
 .rodata.__func__.2
                0x00001848       0x13 CMakeFiles/new_project.elf.dir/b554a211a3ef07285cc18341ad1742d6/sdks/02_systick_blinky_sdk/devices/LPC845/drivers/fsl_clock.c.obj
 *fill*         0x0000185b        0x1 
 .rodata.s_gpioClockName
                0x0000185c        0x4 CMakeFiles/new_project.elf.dir/7446b63a88d4d45991bc704b740b2fe6/workspace_lpc845/sdks/02_systick_blinky_sdk/devices/LPC845/drivers/fsl_gpio.c.obj
 .rodata.s_gpioResets
                0x00001860        0x8 CMakeFiles/new_project.elf.dir/7446b63a88d4d45991bc704b740b2fe6/workspace_lpc845/sdks/02_systick_blinky_sdk/devices/LPC845/drivers/fsl_gpio.c.obj
 .rodata.__func__.0
                0x00001868       0x15 CMakeFiles/new_project.elf.dir/7446b63a88d4d45991bc704b740b2fe6/workspace_lpc845/sdks/02_systick_blinky_sdk/devices/LPC845/drivers/fsl_gpio.c.obj
 *fill*         0x0000187d        0x3 
 .rodata.__func__.1
                0x00001880       0x19 CMakeFiles/new_project.elf.dir/b554a211a3ef07285cc18341ad1742d6/sdks/02_systick_blinky_sdk/devices/LPC845/drivers/fsl_reset.c.obj
 *fill*         0x00001899        0x3 
 .rodata.__func__.0
                0x0000189c       0x1b CMakeFiles/new_project.elf.dir/b554a211a3ef07285cc18341ad1742d6/sdks/02_systick_blinky_sdk/devices/LPC845/drivers/fsl_reset.c.obj
 *(.glue_7)
 .glue_7        0x000018b7        0x0 linker stubs
 *(.glue_7t)
 .glue_7t       0x000018b7        0x0 linker stubs
 *(.eh_frame)
 *fill*         0x000018b7        0x1 
 .eh_frame      0x000018b8        0x0 C:/NXP/MCUXpressoIDE_24.12.148/ide/tools/bin/../lib/gcc/arm-none-eabi/13.2.1/thumb/v6-m/nofp/crtbegin.o
 *(.init)
 .init          0x000018b8        0x4 C:/NXP/MCUXpressoIDE_24.12.148/ide/tools/bin/../lib/gcc/arm-none-eabi/13.2.1/thumb/v6-m/nofp/crti.o
                0x000018b8                _init
 .init          0x000018bc        0x8 C:/NXP/MCUXpressoIDE_24.12.148/ide/tools/bin/../lib/gcc/arm-none-eabi/13.2.1/thumb/v6-m/nofp/crtn.o
 *(.fini)
 .fini          0x000018c4        0x4 C:/NXP/MCUXpressoIDE_24.12.148/ide/tools/bin/../lib/gcc/arm-none-eabi/13.2.1/thumb/v6-m/nofp/crti.o
                0x000018c4                _fini
 .fini          0x000018c8        0x8 C:/NXP/MCUXpressoIDE_24.12.148/ide/tools/bin/../lib/gcc/arm-none-eabi/13.2.1/thumb/v6-m/nofp/crtn.o
                0x000018d0                        . = ALIGN (0x4)

.vfp11_veneer   0x000018d0        0x0
 .vfp11_veneer  0x000018d0        0x0 linker stubs

.v4_bx          0x000018d0        0x0
 .v4_bx         0x000018d0        0x0 linker stubs

.iplt           0x000018d0        0x0
 .iplt          0x000018d0        0x0 C:/NXP/MCUXpressoIDE_24.12.148/ide/tools/bin/../lib/gcc/arm-none-eabi/13.2.1/thumb/v6-m/nofp/crtbegin.o

.ARM.extab
 *(.ARM.extab* .gnu.linkonce.armextab.*)

.ARM            0x000018d0        0x8
                0x000018d0                        __exidx_start = .
 *(.ARM.exidx*)
 .ARM.exidx     0x000018d0        0x8 C:/NXP/MCUXpressoIDE_24.12.148/ide/tools/bin/../lib/gcc/arm-none-eabi/13.2.1/thumb/v6-m/nofp/crt0.o
                                 0x10 (size before relaxing)
                0x000018d8                        __exidx_end = .

.rel.dyn        0x000018d8        0x0
 .rel.iplt      0x000018d8        0x0 C:/NXP/MCUXpressoIDE_24.12.148/ide/tools/bin/../lib/gcc/arm-none-eabi/13.2.1/thumb/v6-m/nofp/crtbegin.o

.ctors          0x000018d8        0x0
                0x000018d8                        __CTOR_LIST__ = .
 *crtbegin.o(.ctors)
 *crtbegin?.o(.ctors)
 *(EXCLUDE_FILE(*crtend.o *crtend?.o) .ctors)
 *(SORT_BY_NAME(.ctors.*))
 *(.ctors)
                0x000018d8                        __CTOR_END__ = .

.dtors          0x000018d8        0x0
                0x000018d8                        __DTOR_LIST__ = .
 *crtbegin.o(.dtors)
 *crtbegin?.o(.dtors)
 *(EXCLUDE_FILE(*crtend.o *crtend?.o) .dtors)
 *(SORT_BY_NAME(.dtors.*))
 *(.dtors)
                0x000018d8                        __DTOR_END__ = .

.preinit_array  0x000018d8        0x0
                0x000018d8                        PROVIDE (__preinit_array_start = .)
 *(.preinit_array*)
                0x000018d8                        PROVIDE (__preinit_array_end = .)

.init_array     0x000018d8        0x4
                0x000018d8                        PROVIDE (__init_array_start = .)
 *(SORT_BY_NAME(.init_array.*))
 *(.init_array*)
 .init_array    0x000018d8        0x4 C:/NXP/MCUXpressoIDE_24.12.148/ide/tools/bin/../lib/gcc/arm-none-eabi/13.2.1/thumb/v6-m/nofp/crtbegin.o
                0x000018dc                        PROVIDE (__init_array_end = .)

.fini_array     0x000018dc        0x4
                [!provide]                        PROVIDE (__fini_array_start = .)
 *(SORT_BY_NAME(.fini_array.*))
 *(.fini_array*)
 .fini_array    0x000018dc        0x4 C:/NXP/MCUXpressoIDE_24.12.148/ide/tools/bin/../lib/gcc/arm-none-eabi/13.2.1/thumb/v6-m/nofp/crtbegin.o
                [!provide]                        PROVIDE (__fini_array_end = .)
                0x000018e0                        __etext = .
                0x000018e0                        __DATA_ROM = .

.data           0x10000000        0x4 load address 0x000018e0
                0x10000000                        . = ALIGN (0x4)
                0x10000000                        __DATA_RAM = .
                0x10000000                        __data_start__ = .
 *(.ramfunc*)
 *(.data)
 *(.data*)
 .data.SystemCoreClock
                0x10000000        0x4 CMakeFiles/new_project.elf.dir/7446b63a88d4d45991bc704b740b2fe6/workspace_lpc845/sdks/02_systick_blinky_sdk/devices/LPC845/system_LPC845.c.obj
                0x10000000                SystemCoreClock
 *(.jcr*)
                0x10000004                        . = ALIGN (0x4)
                0x10000004                        __data_end__ = .
                0x000018e4                        __DATA_END = (__DATA_ROM + (__data_end__ - __data_start__))
                0x00010000                        text_end = (ORIGIN (m_text) + LENGTH (m_text))
                0x00000001                        ASSERT ((__DATA_END <= text_end), region m_text overflowed with text and data)

.tm_clone_table
                0x10000004        0x0 load address 0x000018e4
 .tm_clone_table
                0x10000004        0x0 C:/NXP/MCUXpressoIDE_24.12.148/ide/tools/bin/../lib/gcc/arm-none-eabi/13.2.1/thumb/v6-m/nofp/crtbegin.o
 .tm_clone_table
                0x10000004        0x0 C:/NXP/MCUXpressoIDE_24.12.148/ide/tools/bin/../lib/gcc/arm-none-eabi/13.2.1/thumb/v6-m/nofp/crtend.o

.igot.plt       0x10000004        0x0 load address 0x000018e4
 .igot.plt      0x10000004        0x0 C:/NXP/MCUXpressoIDE_24.12.148/ide/tools/bin/../lib/gcc/arm-none-eabi/13.2.1/thumb/v6-m/nofp/crtbegin.o

.bss            0x10000004       0x50 load address 0x000018e4
                0x10000004                        . = ALIGN (0x4)
                0x10000004                        __START_BSS = .
                0x10000004                        __bss_start__ = .
 *(.bss)
 *(.bss*)
 .bss.completed.1
                0x10000004        0x1 C:/NXP/MCUXpressoIDE_24.12.148/ide/tools/bin/../lib/gcc/arm-none-eabi/13.2.1/thumb/v6-m/nofp/crtbegin.o
 *fill*         0x10000005        0x3 
 .bss.object.0  0x10000008       0x18 C:/NXP/MCUXpressoIDE_24.12.148/ide/tools/bin/../lib/gcc/arm-none-eabi/13.2.1/thumb/v6-m/nofp/crtbegin.o
 .bss.i.0       0x10000020        0x2 CMakeFiles/new_project.elf.dir/C_/Users/valentin/OneDrive/Documentos/GitHub/curso-lse/workspace_lpc845/02_systick_blinky/main.c.obj
 *fill*         0x10000022        0x2 
 .bss.s_usartHandle
                0x10000024       0x14 CMakeFiles/new_project.elf.dir/b554a211a3ef07285cc18341ad1742d6/sdks/02_systick_blinky_sdk/devices/LPC845/drivers/fsl_usart.c.obj
 .bss.s_usartIsr
                0x10000038        0x4 CMakeFiles/new_project.elf.dir/b554a211a3ef07285cc18341ad1742d6/sdks/02_systick_blinky_sdk/devices/LPC845/drivers/fsl_usart.c.obj
 .bss.s_debugConsole
                0x1000003c       0x14 CMakeFiles/new_project.elf.dir/b35a26e6772fb747447fb6c04d9b64be/devices/LPC845/utilities/debug_console_lite/fsl_debug_console.c.obj
 .bss.__stdio_exit_handler
                0x10000050        0x4 C:/NXP/MCUXpressoIDE_24.12.148/ide/tools/bin/../lib/gcc/arm-none-eabi/13.2.1/thumb/v6-m/nofp\libc_nano.a(libc_a-findfp.o)
                0x10000050                __stdio_exit_handler
 *(COMMON)
                0x10000054                        . = ALIGN (0x4)
                0x10000054                        __bss_end__ = .
                0x10000054                        __END_BSS = .

.heap           0x10000054      0x404 load address 0x00001934
                0x10000058                        . = ALIGN (0x8)
 *fill*         0x10000054        0x4 
                0x10000058                        __end__ = .
                0x10000058                        PROVIDE (end = .)
                0x10000058                        __HeapBase = .
                0x10000458                        . = (. + HEAP_SIZE)
 *fill*         0x10000058      0x400 
                0x10000458                        __HeapLimit = .
                0x10000458                        __heap_limit = .

.stack          0x10000458      0x800 load address 0x00001d38
                0x10000458                        . = ALIGN (0x8)
                0x10000c58                        . = (. + STACK_SIZE)
 *fill*         0x10000458      0x800 
                0x10003fe0                        __StackTop = (ORIGIN (m_data) + LENGTH (m_data))
                0x100037e0                        __StackLimit = (__StackTop - STACK_SIZE)
                0x10003fe0                        PROVIDE (__stack = __StackTop)

.ARM.attributes
                0x00000000       0x28
 *(.ARM.attributes)
 .ARM.attributes
                0x00000000       0x1e C:/NXP/MCUXpressoIDE_24.12.148/ide/tools/bin/../lib/gcc/arm-none-eabi/13.2.1/thumb/v6-m/nofp/crti.o
 .ARM.attributes
                0x0000001e       0x2c C:/NXP/MCUXpressoIDE_24.12.148/ide/tools/bin/../lib/gcc/arm-none-eabi/13.2.1/thumb/v6-m/nofp/crtbegin.o
 .ARM.attributes
                0x0000004a       0x1b C:/NXP/MCUXpressoIDE_24.12.148/ide/tools/bin/../lib/gcc/arm-none-eabi/13.2.1/thumb/v6-m/nofp/crt0.o
 .ARM.attributes
                0x00000065       0x2c CMakeFiles/new_project.elf.dir/C_/Users/valentin/OneDrive/Documentos/GitHub/curso-lse/workspace_lpc845/02_systick_blinky/main.c.obj
 .ARM.attributes
                0x00000091       0x2c CMakeFiles/new_project.elf.dir/C_/Users/valentin/OneDrive/Documentos/GitHub/curso-lse/workspace_lpc845/02_systick_blinky/clock_config.c.obj
 .ARM.attributes
                0x000000bd       0x1b CMakeFiles/new_project.elf.dir/b554a211a3ef07285cc18341ad1742d6/sdks/02_systick_blinky_sdk/devices/LPC845/gcc/startup_LPC845.S.obj
 .ARM.attributes
                0x000000d8       0x2c CMakeFiles/new_project.elf.dir/7446b63a88d4d45991bc704b740b2fe6/workspace_lpc845/sdks/02_systick_blinky_sdk/devices/LPC845/system_LPC845.c.obj
 .ARM.attributes
                0x00000104       0x2c CMakeFiles/new_project.elf.dir/b554a211a3ef07285cc18341ad1742d6/sdks/02_systick_blinky_sdk/devices/LPC845/drivers/fsl_clock.c.obj
 .ARM.attributes
                0x00000130       0x2c CMakeFiles/new_project.elf.dir/7446b63a88d4d45991bc704b740b2fe6/workspace_lpc845/sdks/02_systick_blinky_sdk/devices/LPC845/drivers/fsl_gpio.c.obj
 .ARM.attributes
                0x0000015c       0x2c CMakeFiles/new_project.elf.dir/b554a211a3ef07285cc18341ad1742d6/sdks/02_systick_blinky_sdk/devices/LPC845/drivers/fsl_usart.c.obj
 .ARM.attributes
                0x00000188       0x2c CMakeFiles/new_project.elf.dir/b554a211a3ef07285cc18341ad1742d6/sdks/02_systick_blinky_sdk/devices/LPC845/drivers/fsl_reset.c.obj
 .ARM.attributes
                0x000001b4       0x2c CMakeFiles/new_project.elf.dir/b35a26e6772fb747447fb6c04d9b64be/devices/LPC845/utilities/debug_console_lite/fsl_assert.c.obj
 .ARM.attributes
                0x000001e0       0x2c CMakeFiles/new_project.elf.dir/b35a26e6772fb747447fb6c04d9b64be/devices/LPC845/utilities/debug_console_lite/fsl_debug_console.c.obj
 .ARM.attributes
                0x0000020c       0x1e C:/NXP/MCUXpressoIDE_24.12.148/ide/tools/bin/../lib/gcc/arm-none-eabi/13.2.1/thumb/v6-m/nofp\libgcc.a(_udivsi3.o)
 .ARM.attributes
                0x0000022a       0x1e C:/NXP/MCUXpressoIDE_24.12.148/ide/tools/bin/../lib/gcc/arm-none-eabi/13.2.1/thumb/v6-m/nofp\libgcc.a(_dvmd_tls.o)
 .ARM.attributes
                0x00000248       0x2c C:/NXP/MCUXpressoIDE_24.12.148/ide/tools/bin/../lib/gcc/arm-none-eabi/13.2.1/thumb/v6-m/nofp\libc_nano.a(libc_a-exit.o)
 .ARM.attributes
                0x00000274       0x2c C:/NXP/MCUXpressoIDE_24.12.148/ide/tools/bin/../lib/gcc/arm-none-eabi/13.2.1/thumb/v6-m/nofp\libc_nano.a(libc_a-findfp.o)
 .ARM.attributes
                0x000002a0       0x2c C:/NXP/MCUXpressoIDE_24.12.148/ide/tools/bin/../lib/gcc/arm-none-eabi/13.2.1/thumb/v6-m/nofp\libc_nano.a(libc_a-memset.o)
 .ARM.attributes
                0x000002cc       0x2c C:/NXP/MCUXpressoIDE_24.12.148/ide/tools/bin/../lib/gcc/arm-none-eabi/13.2.1/thumb/v6-m/nofp\libc_nano.a(libc_a-init.o)
 .ARM.attributes
                0x000002f8       0x2c C:/NXP/MCUXpressoIDE_24.12.148/ide/tools/bin/../lib/gcc/arm-none-eabi/13.2.1/thumb/v6-m/nofp\libc_nano.a(libc_a-memcpy-stub.o)
 .ARM.attributes
                0x00000324       0x1c C:/NXP/MCUXpressoIDE_24.12.148/ide/tools/bin/../lib/gcc/arm-none-eabi/13.2.1/thumb/v6-m/nofp\libc_nano.a(libc_a-strlen.o)
 .ARM.attributes
                0x00000340       0x2c C:/NXP/MCUXpressoIDE_24.12.148/ide/tools/bin/../lib/gcc/arm-none-eabi/13.2.1/../../../../arm-none-eabi/lib/thumb/v6-m/nofp\libcr_newlib_nohost.a(_exit.o)
 .ARM.attributes
                0x0000036c       0x2c C:/NXP/MCUXpressoIDE_24.12.148/ide/tools/bin/../lib/gcc/arm-none-eabi/13.2.1/thumb/v6-m/nofp/crtend.o
 .ARM.attributes
                0x00000398       0x1e C:/NXP/MCUXpressoIDE_24.12.148/ide/tools/bin/../lib/gcc/arm-none-eabi/13.2.1/thumb/v6-m/nofp/crtn.o
                0x00000001                        ASSERT ((__StackLimit >= __HeapLimit), region m_data overflowed with stack and heap)
OUTPUT(new_project.elf elf32-littlearm)
LOAD linker stubs

.debug_line_str
                0x00000000      0x370
 .debug_line_str
                0x00000000      0x370 C:/NXP/MCUXpressoIDE_24.12.148/ide/tools/bin/../lib/gcc/arm-none-eabi/13.2.1/thumb/v6-m/nofp/crt0.o
                                 0xd2 (size before relaxing)
 .debug_line_str
                0x00000370       0xee CMakeFiles/new_project.elf.dir/b554a211a3ef07285cc18341ad1742d6/sdks/02_systick_blinky_sdk/devices/LPC845/gcc/startup_LPC845.S.obj
 .debug_line_str
                0x00000370       0xc9 C:/NXP/MCUXpressoIDE_24.12.148/ide/tools/bin/../lib/gcc/arm-none-eabi/13.2.1/thumb/v6-m/nofp\libgcc.a(_udivsi3.o)
 .debug_line_str
                0x00000370       0xc9 C:/NXP/MCUXpressoIDE_24.12.148/ide/tools/bin/../lib/gcc/arm-none-eabi/13.2.1/thumb/v6-m/nofp\libgcc.a(_dvmd_tls.o)
 .debug_line_str
                0x00000370       0xe7 C:/NXP/MCUXpressoIDE_24.12.148/ide/tools/bin/../lib/gcc/arm-none-eabi/13.2.1/thumb/v6-m/nofp\libc_nano.a(libc_a-strlen.o)

.debug_info     0x00000000     0x6f63
 .debug_info    0x00000000      0x738 CMakeFiles/new_project.elf.dir/C_/Users/valentin/OneDrive/Documentos/GitHub/curso-lse/workspace_lpc845/02_systick_blinky/main.c.obj
 .debug_info    0x00000738      0xa3e CMakeFiles/new_project.elf.dir/C_/Users/valentin/OneDrive/Documentos/GitHub/curso-lse/workspace_lpc845/02_systick_blinky/clock_config.c.obj
 .debug_info    0x00001176      0x37b CMakeFiles/new_project.elf.dir/b554a211a3ef07285cc18341ad1742d6/sdks/02_systick_blinky_sdk/devices/LPC845/gcc/startup_LPC845.S.obj
 .debug_info    0x000014f1      0x60e CMakeFiles/new_project.elf.dir/7446b63a88d4d45991bc704b740b2fe6/workspace_lpc845/sdks/02_systick_blinky_sdk/devices/LPC845/system_LPC845.c.obj
 .debug_info    0x00001aff     0x12f9 CMakeFiles/new_project.elf.dir/b554a211a3ef07285cc18341ad1742d6/sdks/02_systick_blinky_sdk/devices/LPC845/drivers/fsl_clock.c.obj
 .debug_info    0x00002df8      0xde8 CMakeFiles/new_project.elf.dir/7446b63a88d4d45991bc704b740b2fe6/workspace_lpc845/sdks/02_systick_blinky_sdk/devices/LPC845/drivers/fsl_gpio.c.obj
 .debug_info    0x00003be0     0x1dce CMakeFiles/new_project.elf.dir/b554a211a3ef07285cc18341ad1742d6/sdks/02_systick_blinky_sdk/devices/LPC845/drivers/fsl_usart.c.obj
 .debug_info    0x000059ae      0x719 CMakeFiles/new_project.elf.dir/b554a211a3ef07285cc18341ad1742d6/sdks/02_systick_blinky_sdk/devices/LPC845/drivers/fsl_reset.c.obj
 .debug_info    0x000060c7      0x126 CMakeFiles/new_project.elf.dir/b35a26e6772fb747447fb6c04d9b64be/devices/LPC845/utilities/debug_console_lite/fsl_assert.c.obj
 .debug_info    0x000061ed      0xcd3 CMakeFiles/new_project.elf.dir/b35a26e6772fb747447fb6c04d9b64be/devices/LPC845/utilities/debug_console_lite/fsl_debug_console.c.obj
 .debug_info    0x00006ec0       0xa3 C:/NXP/MCUXpressoIDE_24.12.148/ide/tools/bin/../lib/gcc/arm-none-eabi/13.2.1/../../../../arm-none-eabi/lib/thumb/v6-m/nofp\libcr_newlib_nohost.a(_exit.o)

.debug_abbrev   0x00000000     0x140f
 .debug_abbrev  0x00000000      0x2b0 CMakeFiles/new_project.elf.dir/C_/Users/valentin/OneDrive/Documentos/GitHub/curso-lse/workspace_lpc845/02_systick_blinky/main.c.obj
 .debug_abbrev  0x000002b0      0x270 CMakeFiles/new_project.elf.dir/C_/Users/valentin/OneDrive/Documentos/GitHub/curso-lse/workspace_lpc845/02_systick_blinky/clock_config.c.obj
 .debug_abbrev  0x00000520       0x26 CMakeFiles/new_project.elf.dir/b554a211a3ef07285cc18341ad1742d6/sdks/02_systick_blinky_sdk/devices/LPC845/gcc/startup_LPC845.S.obj
 .debug_abbrev  0x00000546      0x16b CMakeFiles/new_project.elf.dir/7446b63a88d4d45991bc704b740b2fe6/workspace_lpc845/sdks/02_systick_blinky_sdk/devices/LPC845/system_LPC845.c.obj
 .debug_abbrev  0x000006b1      0x343 CMakeFiles/new_project.elf.dir/b554a211a3ef07285cc18341ad1742d6/sdks/02_systick_blinky_sdk/devices/LPC845/drivers/fsl_clock.c.obj
 .debug_abbrev  0x000009f4      0x1e8 CMakeFiles/new_project.elf.dir/7446b63a88d4d45991bc704b740b2fe6/workspace_lpc845/sdks/02_systick_blinky_sdk/devices/LPC845/drivers/fsl_gpio.c.obj
 .debug_abbrev  0x00000bdc      0x38f CMakeFiles/new_project.elf.dir/b554a211a3ef07285cc18341ad1742d6/sdks/02_systick_blinky_sdk/devices/LPC845/drivers/fsl_usart.c.obj
 .debug_abbrev  0x00000f6b      0x153 CMakeFiles/new_project.elf.dir/b554a211a3ef07285cc18341ad1742d6/sdks/02_systick_blinky_sdk/devices/LPC845/drivers/fsl_reset.c.obj
 .debug_abbrev  0x000010be       0xa8 CMakeFiles/new_project.elf.dir/b35a26e6772fb747447fb6c04d9b64be/devices/LPC845/utilities/debug_console_lite/fsl_assert.c.obj
 .debug_abbrev  0x00001166      0x242 CMakeFiles/new_project.elf.dir/b35a26e6772fb747447fb6c04d9b64be/devices/LPC845/utilities/debug_console_lite/fsl_debug_console.c.obj
 .debug_abbrev  0x000013a8       0x67 C:/NXP/MCUXpressoIDE_24.12.148/ide/tools/bin/../lib/gcc/arm-none-eabi/13.2.1/../../../../arm-none-eabi/lib/thumb/v6-m/nofp\libcr_newlib_nohost.a(_exit.o)

.debug_aranges  0x00000000      0x450
 .debug_aranges
                0x00000000       0x48 CMakeFiles/new_project.elf.dir/C_/Users/valentin/OneDrive/Documentos/GitHub/curso-lse/workspace_lpc845/02_systick_blinky/main.c.obj
 .debug_aranges
                0x00000048       0x60 CMakeFiles/new_project.elf.dir/C_/Users/valentin/OneDrive/Documentos/GitHub/curso-lse/workspace_lpc845/02_systick_blinky/clock_config.c.obj
 .debug_aranges
                0x000000a8       0x20 CMakeFiles/new_project.elf.dir/b554a211a3ef07285cc18341ad1742d6/sdks/02_systick_blinky_sdk/devices/LPC845/gcc/startup_LPC845.S.obj
 .debug_aranges
                0x000000c8       0x30 CMakeFiles/new_project.elf.dir/7446b63a88d4d45991bc704b740b2fe6/workspace_lpc845/sdks/02_systick_blinky_sdk/devices/LPC845/system_LPC845.c.obj
 .debug_aranges
                0x000000f8      0x108 CMakeFiles/new_project.elf.dir/b554a211a3ef07285cc18341ad1742d6/sdks/02_systick_blinky_sdk/devices/LPC845/drivers/fsl_clock.c.obj
 .debug_aranges
                0x00000200       0x38 CMakeFiles/new_project.elf.dir/7446b63a88d4d45991bc704b740b2fe6/workspace_lpc845/sdks/02_systick_blinky_sdk/devices/LPC845/drivers/fsl_gpio.c.obj
 .debug_aranges
                0x00000238      0x128 CMakeFiles/new_project.elf.dir/b554a211a3ef07285cc18341ad1742d6/sdks/02_systick_blinky_sdk/devices/LPC845/drivers/fsl_usart.c.obj
 .debug_aranges
                0x00000360       0x30 CMakeFiles/new_project.elf.dir/b554a211a3ef07285cc18341ad1742d6/sdks/02_systick_blinky_sdk/devices/LPC845/drivers/fsl_reset.c.obj
 .debug_aranges
                0x00000390       0x28 CMakeFiles/new_project.elf.dir/b35a26e6772fb747447fb6c04d9b64be/devices/LPC845/utilities/debug_console_lite/fsl_assert.c.obj
 .debug_aranges
                0x000003b8       0x78 CMakeFiles/new_project.elf.dir/b35a26e6772fb747447fb6c04d9b64be/devices/LPC845/utilities/debug_console_lite/fsl_debug_console.c.obj
 .debug_aranges
                0x00000430       0x20 C:/NXP/MCUXpressoIDE_24.12.148/ide/tools/bin/../lib/gcc/arm-none-eabi/13.2.1/../../../../arm-none-eabi/lib/thumb/v6-m/nofp\libcr_newlib_nohost.a(_exit.o)

.debug_rnglists
                0x00000000      0x2f7
 .debug_rnglists
                0x00000000       0x32 CMakeFiles/new_project.elf.dir/C_/Users/valentin/OneDrive/Documentos/GitHub/curso-lse/workspace_lpc845/02_systick_blinky/main.c.obj
 .debug_rnglists
                0x00000032       0x43 CMakeFiles/new_project.elf.dir/C_/Users/valentin/OneDrive/Documentos/GitHub/curso-lse/workspace_lpc845/02_systick_blinky/clock_config.c.obj
 .debug_rnglists
                0x00000075       0x20 CMakeFiles/new_project.elf.dir/7446b63a88d4d45991bc704b740b2fe6/workspace_lpc845/sdks/02_systick_blinky_sdk/devices/LPC845/system_LPC845.c.obj
 .debug_rnglists
                0x00000095       0xc9 CMakeFiles/new_project.elf.dir/b554a211a3ef07285cc18341ad1742d6/sdks/02_systick_blinky_sdk/devices/LPC845/drivers/fsl_clock.c.obj
 .debug_rnglists
                0x0000015e       0x26 CMakeFiles/new_project.elf.dir/7446b63a88d4d45991bc704b740b2fe6/workspace_lpc845/sdks/02_systick_blinky_sdk/devices/LPC845/drivers/fsl_gpio.c.obj
 .debug_rnglists
                0x00000184       0xe2 CMakeFiles/new_project.elf.dir/b554a211a3ef07285cc18341ad1742d6/sdks/02_systick_blinky_sdk/devices/LPC845/drivers/fsl_usart.c.obj
 .debug_rnglists
                0x00000266       0x1f CMakeFiles/new_project.elf.dir/b554a211a3ef07285cc18341ad1742d6/sdks/02_systick_blinky_sdk/devices/LPC845/drivers/fsl_reset.c.obj
 .debug_rnglists
                0x00000285       0x19 CMakeFiles/new_project.elf.dir/b35a26e6772fb747447fb6c04d9b64be/devices/LPC845/utilities/debug_console_lite/fsl_assert.c.obj
 .debug_rnglists
                0x0000029e       0x59 CMakeFiles/new_project.elf.dir/b35a26e6772fb747447fb6c04d9b64be/devices/LPC845/utilities/debug_console_lite/fsl_debug_console.c.obj

.debug_line     0x00000000     0x3610
 .debug_line    0x00000000      0x49c CMakeFiles/new_project.elf.dir/C_/Users/valentin/OneDrive/Documentos/GitHub/curso-lse/workspace_lpc845/02_systick_blinky/main.c.obj
 .debug_line    0x0000049c      0x465 CMakeFiles/new_project.elf.dir/C_/Users/valentin/OneDrive/Documentos/GitHub/curso-lse/workspace_lpc845/02_systick_blinky/clock_config.c.obj
 .debug_line    0x00000901      0x136 CMakeFiles/new_project.elf.dir/b554a211a3ef07285cc18341ad1742d6/sdks/02_systick_blinky_sdk/devices/LPC845/gcc/startup_LPC845.S.obj
 .debug_line    0x00000a37      0x412 CMakeFiles/new_project.elf.dir/7446b63a88d4d45991bc704b740b2fe6/workspace_lpc845/sdks/02_systick_blinky_sdk/devices/LPC845/system_LPC845.c.obj
 .debug_line    0x00000e49      0xa38 CMakeFiles/new_project.elf.dir/b554a211a3ef07285cc18341ad1742d6/sdks/02_systick_blinky_sdk/devices/LPC845/drivers/fsl_clock.c.obj
 .debug_line    0x00001881      0x324 CMakeFiles/new_project.elf.dir/7446b63a88d4d45991bc704b740b2fe6/workspace_lpc845/sdks/02_systick_blinky_sdk/devices/LPC845/drivers/fsl_gpio.c.obj
 .debug_line    0x00001ba5      0xdc2 CMakeFiles/new_project.elf.dir/b554a211a3ef07285cc18341ad1742d6/sdks/02_systick_blinky_sdk/devices/LPC845/drivers/fsl_usart.c.obj
 .debug_line    0x00002967      0x2c5 CMakeFiles/new_project.elf.dir/b554a211a3ef07285cc18341ad1742d6/sdks/02_systick_blinky_sdk/devices/LPC845/drivers/fsl_reset.c.obj
 .debug_line    0x00002c2c      0x151 CMakeFiles/new_project.elf.dir/b35a26e6772fb747447fb6c04d9b64be/devices/LPC845/utilities/debug_console_lite/fsl_assert.c.obj
 .debug_line    0x00002d7d      0x84f CMakeFiles/new_project.elf.dir/b35a26e6772fb747447fb6c04d9b64be/devices/LPC845/utilities/debug_console_lite/fsl_debug_console.c.obj
 .debug_line    0x000035cc       0x44 C:/NXP/MCUXpressoIDE_24.12.148/ide/tools/bin/../lib/gcc/arm-none-eabi/13.2.1/../../../../arm-none-eabi/lib/thumb/v6-m/nofp\libcr_newlib_nohost.a(_exit.o)

.debug_str      0x00000000     0x490f
 .debug_str     0x00000000     0x490f CMakeFiles/new_project.elf.dir/C_/Users/valentin/OneDrive/Documentos/GitHub/curso-lse/workspace_lpc845/02_systick_blinky/main.c.obj
                                0x6f3 (size before relaxing)
 .debug_str     0x0000490f     0x1037 CMakeFiles/new_project.elf.dir/C_/Users/valentin/OneDrive/Documentos/GitHub/curso-lse/workspace_lpc845/02_systick_blinky/clock_config.c.obj
 .debug_str     0x0000490f      0x6ce CMakeFiles/new_project.elf.dir/b554a211a3ef07285cc18341ad1742d6/sdks/02_systick_blinky_sdk/devices/LPC845/gcc/startup_LPC845.S.obj
 .debug_str     0x0000490f      0x5e5 CMakeFiles/new_project.elf.dir/7446b63a88d4d45991bc704b740b2fe6/workspace_lpc845/sdks/02_systick_blinky_sdk/devices/LPC845/system_LPC845.c.obj
 .debug_str     0x0000490f     0x1898 CMakeFiles/new_project.elf.dir/b554a211a3ef07285cc18341ad1742d6/sdks/02_systick_blinky_sdk/devices/LPC845/drivers/fsl_clock.c.obj
 .debug_str     0x0000490f     0x159f CMakeFiles/new_project.elf.dir/7446b63a88d4d45991bc704b740b2fe6/workspace_lpc845/sdks/02_systick_blinky_sdk/devices/LPC845/drivers/fsl_gpio.c.obj
 .debug_str     0x0000490f     0x24ab CMakeFiles/new_project.elf.dir/b554a211a3ef07285cc18341ad1742d6/sdks/02_systick_blinky_sdk/devices/LPC845/drivers/fsl_usart.c.obj
 .debug_str     0x0000490f      0x8c7 CMakeFiles/new_project.elf.dir/b554a211a3ef07285cc18341ad1742d6/sdks/02_systick_blinky_sdk/devices/LPC845/drivers/fsl_reset.c.obj
 .debug_str     0x0000490f      0x2ab CMakeFiles/new_project.elf.dir/b35a26e6772fb747447fb6c04d9b64be/devices/LPC845/utilities/debug_console_lite/fsl_assert.c.obj
 .debug_str     0x0000490f     0x1445 CMakeFiles/new_project.elf.dir/b35a26e6772fb747447fb6c04d9b64be/devices/LPC845/utilities/debug_console_lite/fsl_debug_console.c.obj
 .debug_str     0x0000490f      0x1b8 C:/NXP/MCUXpressoIDE_24.12.148/ide/tools/bin/../lib/gcc/arm-none-eabi/13.2.1/../../../../arm-none-eabi/lib/thumb/v6-m/nofp\libcr_newlib_nohost.a(_exit.o)

.comment        0x00000000       0x44
 .comment       0x00000000       0x44 CMakeFiles/new_project.elf.dir/C_/Users/valentin/OneDrive/Documentos/GitHub/curso-lse/workspace_lpc845/02_systick_blinky/main.c.obj
                                 0x45 (size before relaxing)
 .comment       0x00000044       0x45 CMakeFiles/new_project.elf.dir/C_/Users/valentin/OneDrive/Documentos/GitHub/curso-lse/workspace_lpc845/02_systick_blinky/clock_config.c.obj
 .comment       0x00000044       0x45 CMakeFiles/new_project.elf.dir/7446b63a88d4d45991bc704b740b2fe6/workspace_lpc845/sdks/02_systick_blinky_sdk/devices/LPC845/system_LPC845.c.obj
 .comment       0x00000044       0x45 CMakeFiles/new_project.elf.dir/b554a211a3ef07285cc18341ad1742d6/sdks/02_systick_blinky_sdk/devices/LPC845/drivers/fsl_clock.c.obj
 .comment       0x00000044       0x45 CMakeFiles/new_project.elf.dir/7446b63a88d4d45991bc704b740b2fe6/workspace_lpc845/sdks/02_systick_blinky_sdk/devices/LPC845/drivers/fsl_gpio.c.obj
 .comment       0x00000044       0x45 CMakeFiles/new_project.elf.dir/b554a211a3ef07285cc18341ad1742d6/sdks/02_systick_blinky_sdk/devices/LPC845/drivers/fsl_usart.c.obj
 .comment       0x00000044       0x45 CMakeFiles/new_project.elf.dir/b554a211a3ef07285cc18341ad1742d6/sdks/02_systick_blinky_sdk/devices/LPC845/drivers/fsl_reset.c.obj
 .comment       0x00000044       0x45 CMakeFiles/new_project.elf.dir/b35a26e6772fb747447fb6c04d9b64be/devices/LPC845/utilities/debug_console_lite/fsl_assert.c.obj
 .comment       0x00000044       0x45 CMakeFiles/new_project.elf.dir/b35a26e6772fb747447fb6c04d9b64be/devices/LPC845/utilities/debug_console_lite/fsl_debug_console.c.obj
 .comment       0x00000044       0x45 C:/NXP/MCUXpressoIDE_24.12.148/ide/tools/bin/../lib/gcc/arm-none-eabi/13.2.1/../../../../arm-none-eabi/lib/thumb/v6-m/nofp\libcr_newlib_nohost.a(_exit.o)

.debug_frame    0x00000000      0xf50
 .debug_frame   0x00000000       0xcc CMakeFiles/new_project.elf.dir/C_/Users/valentin/OneDrive/Documentos/GitHub/curso-lse/workspace_lpc845/02_systick_blinky/main.c.obj
 .debug_frame   0x000000cc      0x120 CMakeFiles/new_project.elf.dir/C_/Users/valentin/OneDrive/Documentos/GitHub/curso-lse/workspace_lpc845/02_systick_blinky/clock_config.c.obj
 .debug_frame   0x000001ec       0x68 CMakeFiles/new_project.elf.dir/7446b63a88d4d45991bc704b740b2fe6/workspace_lpc845/sdks/02_systick_blinky_sdk/devices/LPC845/system_LPC845.c.obj
 .debug_frame   0x00000254      0x3cc CMakeFiles/new_project.elf.dir/b554a211a3ef07285cc18341ad1742d6/sdks/02_systick_blinky_sdk/devices/LPC845/drivers/fsl_clock.c.obj
 .debug_frame   0x00000620       0x90 CMakeFiles/new_project.elf.dir/7446b63a88d4d45991bc704b740b2fe6/workspace_lpc845/sdks/02_systick_blinky_sdk/devices/LPC845/drivers/fsl_gpio.c.obj
 .debug_frame   0x000006b0      0x43c CMakeFiles/new_project.elf.dir/b554a211a3ef07285cc18341ad1742d6/sdks/02_systick_blinky_sdk/devices/LPC845/drivers/fsl_usart.c.obj
 .debug_frame   0x00000aec       0x70 CMakeFiles/new_project.elf.dir/b554a211a3ef07285cc18341ad1742d6/sdks/02_systick_blinky_sdk/devices/LPC845/drivers/fsl_reset.c.obj
 .debug_frame   0x00000b5c       0x50 CMakeFiles/new_project.elf.dir/b35a26e6772fb747447fb6c04d9b64be/devices/LPC845/utilities/debug_console_lite/fsl_assert.c.obj
 .debug_frame   0x00000bac      0x190 CMakeFiles/new_project.elf.dir/b35a26e6772fb747447fb6c04d9b64be/devices/LPC845/utilities/debug_console_lite/fsl_debug_console.c.obj
 .debug_frame   0x00000d3c       0x20 C:/NXP/MCUXpressoIDE_24.12.148/ide/tools/bin/../lib/gcc/arm-none-eabi/13.2.1/thumb/v6-m/nofp\libgcc.a(_udivsi3.o)
 .debug_frame   0x00000d5c       0x28 C:/NXP/MCUXpressoIDE_24.12.148/ide/tools/bin/../lib/gcc/arm-none-eabi/13.2.1/thumb/v6-m/nofp\libc_nano.a(libc_a-exit.o)
 .debug_frame   0x00000d84      0x138 C:/NXP/MCUXpressoIDE_24.12.148/ide/tools/bin/../lib/gcc/arm-none-eabi/13.2.1/thumb/v6-m/nofp\libc_nano.a(libc_a-findfp.o)
 .debug_frame   0x00000ebc       0x20 C:/NXP/MCUXpressoIDE_24.12.148/ide/tools/bin/../lib/gcc/arm-none-eabi/13.2.1/thumb/v6-m/nofp\libc_nano.a(libc_a-memset.o)
 .debug_frame   0x00000edc       0x2c C:/NXP/MCUXpressoIDE_24.12.148/ide/tools/bin/../lib/gcc/arm-none-eabi/13.2.1/thumb/v6-m/nofp\libc_nano.a(libc_a-init.o)
 .debug_frame   0x00000f08       0x28 C:/NXP/MCUXpressoIDE_24.12.148/ide/tools/bin/../lib/gcc/arm-none-eabi/13.2.1/thumb/v6-m/nofp\libc_nano.a(libc_a-memcpy-stub.o)
 .debug_frame   0x00000f30       0x20 C:/NXP/MCUXpressoIDE_24.12.148/ide/tools/bin/../lib/gcc/arm-none-eabi/13.2.1/../../../../arm-none-eabi/lib/thumb/v6-m/nofp\libcr_newlib_nohost.a(_exit.o)

.debug_loc      0x00000000       0x15
 .debug_loc     0x00000000       0x15 C:/NXP/MCUXpressoIDE_24.12.148/ide/tools/bin/../lib/gcc/arm-none-eabi/13.2.1/../../../../arm-none-eabi/lib/thumb/v6-m/nofp\libcr_newlib_nohost.a(_exit.o)

.debug_ranges   0x00000000       0x10
 .debug_ranges  0x00000000       0x10 C:/NXP/MCUXpressoIDE_24.12.148/ide/tools/bin/../lib/gcc/arm-none-eabi/13.2.1/../../../../arm-none-eabi/lib/thumb/v6-m/nofp\libcr_newlib_nohost.a(_exit.o)
